// Jest Snapshot v1, https://goo.gl/fbAQLP

exports[`Should render AddExpense correctly 1`] = `
<section>
  <h1>
    Add Expense
  </h1>
  <ExpenseForm
    onSubmit={[Function]}
  />
</section>
`;
