// Jest Snapshot v1, https://goo.gl/fbAQLP

exports[`Should render editExpense Page 1`] = `
<section
  className="dashboard edit-expense"
>
  <section
    className="summary"
  >
    <h1>
      Edit 
      Credit Card
    </h1>
    <button
      onClick={[Function]}
    >
      <i
        className="far fa-trash-alt"
      />
      Remove this expense
    </button>
  </section>
  <ExpenseForm
    expense={
      Object {
        "amount": 4500,
        "createdAt": 345600000,
        "description": "Credit Card",
        "id": "3",
        "note": "",
      }
    }
    onSubmit={[Function]}
  />
</section>
`;
