// Jest Snapshot v1, https://goo.gl/fbAQLP

exports[`Should render the Expense List Item with expense 1`] = `
<li>
  <Link
    replace={false}
    to="/edit/undefined"
  >
    <h3 />
  </Link>
  <h5>
     - 
  </h5>
</li>
`;
