// Jest Snapshot v1, https://goo.gl/fbAQLP

exports[`Should render the Expense Dashboard component 1`] = `
<section>
  <Connect(ExpenseListFilters) />
  <Connect(ExpenseList) />
</section>
`;
