// Jest Snapshot v1, https://goo.gl/fbAQLP

exports[`Should render the Not Found component 1`] = `
<section
  className="not-found"
>
  404 - 
  <Link
    replace={false}
    to="/"
  >
    Go home, you're drunk
  </Link>
</section>
`;
